// Vitest Snapshot v1, https://vitest.dev/guide/snapshot.html

exports[`ThemeSwitch > should mount the component 1`] = `"<label data-v-92108eaa="" class="switch"><input data-v-92108eaa="" type="checkbox"><span data-v-92108eaa="" class="slider"></span></label>"`;
